# INFORME DEL SISTEMA
_Generado el 2025-10-23T10:56:11.177938690_

## Comando: `ps`
```bash
PID TTY          TIME CMD
   5275 pts/1    00:00:00 bash
   5288 pts/1    00:00:00 java
   5308 pts/1    00:00:00 ps
```
---

## Comando: `df -h`
```bash
Filesystem                     Size  Used Avail Use% Mounted on
udev                           1.9G     0  1.9G   0% /dev
tmpfs                          392M  692K  391M   1% /run
/dev/mapper/debian12--vg-root   23G  4.9G   17G  23% /
tmpfs                          2.0G   74M  1.9G   4% /dev/shm
tmpfs                          5.0M     0  5.0M   0% /run/lock
/dev/mapper/debian12--vg-tmp   1.8G  180K  1.7G   1% /tmp
/dev/mapper/debian12--vg-var   9.1G  2.5G  6.2G  29% /var
/dev/sda1                      455M  208M  223M  49% /boot
/dev/mapper/debian12--vg-home  210G  3.2G  196G   2% /home
D_DRIVE                        1.9T  310G  1.6T  17% /media/sf_D_DRIVE
tmpfs                          392M   28K  392M   1% /run/user/1000
```
---

## Comando: `free -h`
```bash
total        used        free      shared  buff/cache   available
Mem:           3.8Gi       2.7Gi       138Mi        96Mi       1.3Gi       1.2Gi
Swap:          975Mi          0B       975Mi
```
---

